Train : (150634, 77)
Test  : (16735, 76)

Base features                : 57
Target-encoded (per fold)   : ['town', 'planning_area', 'postal']
  postal unique groups      : 9,125  (median 15 txns/block)
Spatial-encoded (per fold)  : ['spatial_500m_te', 'spatial_2000m_te', 'spatial_500m_psm']
Total features per fold     : 63

═════════════════════════════════════════════════════════════════
Training — 5-fold OOF  (leak-free encoding per fold)
═════════════════════════════════════════════════════════════════

  Fold 1/5  train=120,507  val=30,127
    Computing spatial encodings (KD-tree)... done
      LGB fold 1                              RMSE=    21,611  MAE=    15,527  MAPE=  3.53%  R²=0.9771
      XGB fold 1                              RMSE=    21,654  MAE=    15,557  MAPE=  3.54%  R²=0.9770
      CAT fold 1                              RMSE=    21,859  MAE=    15,676  MAPE=  3.56%  R²=0.9766

  Fold 2/5  train=120,507  val=30,127
    Computing spatial encodings (KD-tree)... done
      LGB fold 2                              RMSE=    22,447  MAE=    15,755  MAPE=  3.56%  R²=0.9754
      XGB fold 2                              RMSE=    22,492  MAE=    15,823  MAPE=  3.58%  R²=0.9753
      CAT fold 2                              RMSE=    22,716  MAE=    15,881  MAPE=  3.59%  R²=0.9748

  Fold 3/5  train=120,507  val=30,127
    Computing spatial encodings (KD-tree)... done
      LGB fold 3                              RMSE=    22,014  MAE=    15,723  MAPE=  3.55%  R²=0.9764
      XGB fold 3                              RMSE=    21,989  MAE=    15,745  MAPE=  3.55%  R²=0.9765
      CAT fold 3                              RMSE=    22,359  MAE=    15,849  MAPE=  3.57%  R²=0.9757

  Fold 4/5  train=120,507  val=30,127
    Computing spatial encodings (KD-tree)... done
      LGB fold 4                              RMSE=    22,094  MAE=    15,698  MAPE=  3.54%  R²=0.9765
      XGB fold 4                              RMSE=    22,113  MAE=    15,715  MAPE=  3.55%  R²=0.9765
      CAT fold 4                              RMSE=    22,442  MAE=    15,767  MAPE=  3.55%  R²=0.9758

  Fold 5/5  train=120,508  val=30,126
    Computing spatial encodings (KD-tree)... done
      LGB fold 5                              RMSE=    22,056  MAE=    15,706  MAPE=  3.56%  R²=0.9762
      XGB fold 5                              RMSE=    22,078  MAE=    15,739  MAPE=  3.57%  R²=0.9762
      CAT fold 5                              RMSE=    22,606  MAE=    15,848  MAPE=  3.59%  R²=0.9750

═════════════════════════════════════════════════════════════════
Final Summary
═════════════════════════════════════════════════════════════════
  LightGBM  (OOF)                             RMSE=    22,046  MAE=    15,682  MAPE=  3.55%  R²=0.9763
  XGBoost   (OOF)                             RMSE=    22,067  MAE=    15,716  MAPE=  3.56%  R²=0.9763
  CatBoost  (OOF)                             RMSE=    22,398  MAE=    15,804  MAPE=  3.57%  R²=0.9756
  Ensemble  (L=0.45 X=0.37 C=0.18)            RMSE=    21,949  MAE=    15,597  MAPE=  3.53%  R²=0.9765

  v15 ensemble OOF RMSE : 21,334
  v17 ensemble OOF RMSE : 21,949  (↑ regressed by 615)
═════════════════════════════════════════════════════════════════

Submission saved: submission_v17_5fold.csv

═════════════════════════════════════════════════════════════════
Feature Importance — 5-fold average gain (normalised to %)
═════════════════════════════════════════════════════════════════

  Feature                                    LGB%    XGB%    CAT%   Mean%
  ------------------------------------------------------------------
  postal_te                                 35.39   19.94   24.08   26.47
  flat_type_enc                              7.43   18.49    8.51   11.48
  year_completed_x_floor_area               13.59    6.19    8.17    9.32
  spatial_500m_psm                           9.41    7.47    6.36    7.75
  floor_area_sqm                             4.88    3.81    8.76    5.82
  area_x_lease_rem                           6.29    4.53    3.21    4.68
  planning_area_te                           1.43    7.05    0.76    3.08
  tranc_period                               1.72    0.44    6.60    2.92
  spatial_500m_te                            3.62    2.41    0.89    2.31
  area_x_storey                              1.81    0.78    2.69    1.76
  Hawker_Within_2km                          0.91    3.44    0.84    1.73
  Tranc_Year                                 0.65    0.54    2.88    1.36
  flat_model_enc                             0.56    2.00    1.47    1.34
  town_te                                    0.92    1.94    0.76    1.21
  max_floor_lvl                              0.95    2.06    0.26    1.09
  3room_sold                                 0.28    1.00    1.77    1.02
  lease_commence_date                        0.89    0.72    1.01    0.87
  mrt_latitude                               0.37    1.68    0.54    0.86
  year_completed                             0.54    0.91    0.74    0.73
  pri_sch_latitude                           0.36    1.36    0.37    0.70
  storey_x_lease_rem                         0.64    0.23    1.19    0.69
  Hawker_Within_1km                          0.31    1.35    0.29    0.65
  storey_ratio                               0.35    0.23    1.34    0.64
  5room_sold                                 0.30    0.36    1.22    0.63
  lease_remaining_years                      0.56    0.34    0.97    0.62
  spatial_2000m_te                           0.55    0.39    0.85    0.60
  sec_sch_latitude                           0.44    0.85    0.40    0.56
  bus_stop_latitude                          0.58    0.49    0.58    0.55
  lease_remaining_pct                        0.19    0.46    0.88    0.51
  mrt_longitude                              0.37    0.54    0.56    0.49
  4room_sold                                 0.17    0.46    0.84    0.49
  accessibility_score                        0.30    0.33    0.73    0.46
  mrt_nearest_distance                       0.33    0.18    0.81    0.44
  exec_sold                                  0.34    0.41    0.52    0.43
  mid_storey                                 0.22    0.65    0.33    0.40

Low-importance features (mean gain < 0.10%) — 3 features:
  Mall_Within_500m                           0.01    0.18    0.06    0.09
  Mall_Within_1km                            0.03    0.15    0.11    0.10
  2room_sold                                 0.02    0.23    0.04    0.10

postal_te  →  rank 1  |  mean gain 26.47%  (LGB 35.39%  XGB 19.94%  CAT 24.08%)
