Train : (150634, 77)
Test  : (16735, 76)

Base features (before encoding)         : 57
Target-encoded columns added per fold   : ['town', 'planning_area']
Spatial-encoded columns added per fold  : ['spatial_500m_te', 'spatial_2000m_te', 'spatial_500m_psm']
Total features per fold                 : 62
Dropped low-importance features         : 29

═════════════════════════════════════════════════════════════════
Training — 5-fold OOF
═════════════════════════════════════════════════════════════════

  Fold 1/5  train=120,507  val=30,127
    Computing spatial encodings (KD-tree)... done
      LGB fold 1                          RMSE=    21,239  MAE=    15,339  MAPE=  3.50%  R²=0.9779
      XGB fold 1                          RMSE=    21,286  MAE=    15,374  MAPE=  3.50%  R²=0.9778
      CAT fold 1                          RMSE=    21,178  MAE=    15,289  MAPE=  3.49%  R²=0.9780

  Fold 2/5  train=120,507  val=30,127
    Computing spatial encodings (KD-tree)... done
      LGB fold 2                          RMSE=    22,109  MAE=    15,603  MAPE=  3.53%  R²=0.9761
      XGB fold 2                          RMSE=    22,071  MAE=    15,587  MAPE=  3.53%  R²=0.9762
      CAT fold 2                          RMSE=    21,956  MAE=    15,531  MAPE=  3.52%  R²=0.9765

  Fold 3/5  train=120,507  val=30,127
    Computing spatial encodings (KD-tree)... done
      LGB fold 3                          RMSE=    21,412  MAE=    15,472  MAPE=  3.50%  R²=0.9777
      XGB fold 3                          RMSE=    21,441  MAE=    15,474  MAPE=  3.50%  R²=0.9777
      CAT fold 3                          RMSE=    21,362  MAE=    15,418  MAPE=  3.50%  R²=0.9778

  Fold 4/5  train=120,507  val=30,127
    Computing spatial encodings (KD-tree)... done
      LGB fold 4                          RMSE=    21,700  MAE=    15,475  MAPE=  3.49%  R²=0.9773
      XGB fold 4                          RMSE=    21,724  MAE=    15,515  MAPE=  3.50%  R²=0.9773
      CAT fold 4                          RMSE=    21,549  MAE=    15,442  MAPE=  3.49%  R²=0.9777

  Fold 5/5  train=120,508  val=30,126
    Computing spatial encodings (KD-tree)... done
      LGB fold 5                          RMSE=    21,522  MAE=    15,527  MAPE=  3.53%  R²=0.9774
      XGB fold 5                          RMSE=    21,587  MAE=    15,554  MAPE=  3.53%  R²=0.9772
      CAT fold 5                          RMSE=    21,505  MAE=    15,479  MAPE=  3.52%  R²=0.9774

═════════════════════════════════════════════════════════════════
Final Summary
═════════════════════════════════════════════════════════════════
  LightGBM  (OOF)                         RMSE=    21,598  MAE=    15,483  MAPE=  3.51%  R²=0.9773
  XGBoost   (OOF)                         RMSE=    21,624  MAE=    15,501  MAPE=  3.51%  R²=0.9772
  CatBoost  (OOF)                         RMSE=    21,511  MAE=    15,432  MAPE=  3.50%  R²=0.9775
  Ensemble  (L=0.36 X=0.11 C=0.53)        RMSE=    21,369  MAE=    15,318  MAPE=  3.48%  R²=0.9778

  Ensemble OOF RMSE : 21,369
═════════════════════════════════════════════════════════════════

Submission saved: submission_v14_5fold.csv

═════════════════════════════════════════════════════════════════
Feature Importance — 5-fold average gain (normalised to %)
═════════════════════════════════════════════════════════════════

Top 30 features by mean gain (LGB / XGB / CAT):
  Feature                                    LGB%    XGB%    CAT%   Mean%
  ------------------------------------------------------------------
  spatial_500m_psm                          17.95   10.35   18.11   15.47
  year_completed_x_floor_area               25.62    9.61    9.19   14.80
  flat_type_enc                              4.09   24.39   10.12   12.87
  area_x_lease_rem                          14.96    4.81   10.98   10.25
  floor_area_sqm                             5.91    3.93    7.53    5.79
  Hawker_Within_2km                          3.25    7.36    1.85    4.15
  spatial_500m_te                            5.50    3.95    1.55    3.67
  planning_area_te                           1.33    6.00    0.50    2.61
  max_floor_lvl                              1.91    3.12    1.54    2.19
  tranc_period                               1.68    0.33    4.49    2.17
  area_x_storey                              2.13    0.80    2.63    1.85
  flat_model_enc                             0.60    1.48    1.98    1.36
  year_completed                             0.94    1.27    1.78    1.33
  Hawker_Within_1km                          0.77    2.51    0.54    1.28
  5room_sold                                 0.49    0.54    2.40    1.14
  mrt_latitude                               0.85    1.61    0.86    1.11
  Tranc_Year                                 0.79    0.39    1.95    1.04
  lease_commence_date                        0.66    0.89    1.24    0.93
  town_te                                    0.58    1.64    0.53    0.92
  sec_sch_latitude                           0.40    1.15    0.95    0.83
  storey_x_lease_rem                         0.87    0.29    1.30    0.82
  pri_sch_latitude                           0.37    1.18    0.89    0.81
  lease_remaining_years                      0.68    0.30    1.12    0.70
  accessibility_score                        0.46    0.30    1.10    0.62
  4room_sold                                 0.33    0.40    1.11    0.61
  spatial_2000m_te                           0.93    0.35    0.55    0.61
  3room_sold                                 0.19    1.27    0.34    0.60
  mrt_nearest_distance                       0.54    0.30    0.89    0.58
  mrt_longitude                              0.41    0.60    0.61    0.54
  bus_stop_latitude                          0.43    0.45    0.65    0.51

No features with mean gain < 0.10% — all features contribute.